#-----------------------------------------------------------
# Vivado v2021.1 (64-bit)
# SW Build 3247384 on Thu Jun 10 19:36:33 MDT 2021
# IP Build 3246043 on Fri Jun 11 00:30:35 MDT 2021
# Start of session at: Tue Jul 15 10:59:32 2025
# Process ID: 25544
# Current directory: D:/project1/FPGA/src/04.fnd_control_teacher/04.fnd_control
# Command line: vivado.exe -gui_launcher_event rodinguilauncherevent12416 D:\project1\FPGA\src\04.fnd_control_teacher\04.fnd_control\04.fnd_control.xpr
# Log file: D:/project1/FPGA/src/04.fnd_control_teacher/04.fnd_control/vivado.log
# Journal file: D:/project1/FPGA/src/04.fnd_control_teacher/04.fnd_control\vivado.jou
#-----------------------------------------------------------
start_gui
open_project D:/project1/FPGA/src/04.fnd_control_teacher/04.fnd_control/04.fnd_control.xpr
update_compile_order -fileset sources_1
close_project
create_project 88.uart D:/project1/FPGA/src/88.uart -part xc7a35tcpg236-1
set_property board_part digilentinc.com:basys3:part0:1.1 [current_project]
add_files -norecurse {D:/project1/FPGA/src/04.fnd_control_teacher/04.fnd_control/04.fnd_control.srcs/sources_1/new/btn_command_controller.v D:/project1/FPGA/src/04.fnd_control_teacher/04.fnd_control/04.fnd_control.srcs/sources_1/new/fnd_controller.v D:/project1/FPGA/src/11_my_piezo_buzzer/11_my_piezo_buzzer.srcs/sources_1/imports/new/button_debounce.v D:/project1/FPGA/src/04.fnd_control_teacher/04.fnd_control/04.fnd_control.srcs/sources_1/imports/new/tick_generator.v D:/project1/FPGA/src/04.fnd_control_teacher/04.fnd_control/04.fnd_control.srcs/sources_1/imports/new/top.v}
import_files -force -norecurse
import_files -fileset constrs_1 -force -norecurse D:/project1/FPGA/src/04.fnd_control_teacher/04.fnd_control/04.fnd_control.srcs/constrs_1/imports/temp/Basys3-Master_orginal.xdc
update_compile_order -fileset sources_1
